 AS V1.42 Beta [Bld 283] - Source File echoback-6800.asm - Page 1 - 3/20/2025 19:53:16


    1/   0 :                            ;
    2/   0 :                            ; MV6847 ビデオボード エコーバック
    3/   0 :                            ;  for SBC6800+SBC adapter & universal Monitor
    4/   0 :                            ;
    5/   0 :                            	CPU	6800
    6/   0 :                            
    7/   0 : ="MC6800"                  TARGET:	equ	"MC6800"
    8/   0 :                            
    9/ 100 :                                    org     $0100
   10/ 100 :                            ;
   11/ 100 : =$A000                     VRAM_TOP        EQU     $A000
   12/ 100 : =$A200                     VRAM_END        EQU     $A200
   13/ 100 : =$A1E0                     VRAM_SCREND     EQU     VRAM_END-$20
   14/ 100 :                            ;
   15/ 100 : =$60                       SPC             EQU     $60
   16/ 100 : =$1B                       ESC             EQU     $1B
   17/ 100 : =$D                        CR              EQU     $0D
   18/ 100 : =$CF                       CURSOR          EQU     $CF
   19/ 100 : =$8                        BS              EQU     $08
   20/ 100 :                            ;
   21/ 100 : =$40                       CHAR_A          EQU     $40
   22/ 100 : =$5F                       CHAR_UNS        EQU     $5F
   23/ 100 :                            ;
   24/ 100 : =$60                       CHAR_S_A        EQU     $60
   25/ 100 : =$7F                       CHAR_END        EQU     $7F
   26/ 100 :                            ;
   27/ 100 : =$0                        VDG_MODE        EQU     %00000000
   28/ 100 : =$8110                     VDG_CTL_AD      EQU     $8110
   29/ 100 :                            ;
   30/ 100 : =$FFA0                     CONIN           EQU     $FFA0
   31/ 100 : =$FF90                     CONOUT          EQU     $FF90
   32/ 100 :                            
   33/ 100 :                            MAIN:
   34/ 100 : CE A0 00                           LDX     #VRAM_TOP
   35/ 103 : FF 01 CF                           STX     WK_VRAM
   36/ 106 :                            ;
   37/ 106 : BD 01 13                           JSR     VDG_INIT
   38/ 109 : BD 01 19                           JSR     VRAM_CLR
   39/ 10C : BD 01 BF                           JSR     DISP_CURSOR
   40/ 10F : BD 01 27                           JSR     ECHO
   41/ 112 : 3F                                 SWI
   42/ 113 :                            ;
   43/ 113 :                            ; MC6747初期化
   44/ 113 :                            ;
   45/ 113 :                            VDG_INIT:
   46/ 113 : 86 00                              LDAA    #VDG_MODE
   47/ 115 : B7 81 10                           STAA    VDG_CTL_AD
   48/ 118 : 39                                 RTS
   49/ 119 :                            ;
   50/ 119 :                            ; VRAMクリア
   51/ 119 :                            ;
   52/ 119 :                            VRAM_CLR:
   53/ 119 : CE A0 00                           LDX #VRAM_TOP
   54/ 11C : 86 60                              LDAA #SPC
   55/ 11E :                            VRAM_CLR_LOOP:
   56/ 11E : A7 00                              STAA 0,X
   57/ 120 : 08                                 INX
   58/ 121 : 8C A2 00                           CPX     #VRAM_END
   59/ 124 : 26 F8                              BNE     VRAM_CLR_LOOP
   60/ 126 : 39                                 RTS
 AS V1.42 Beta [Bld 283] - Source File echoback-6800.asm - Page 2 - 3/20/2025 19:53:16


   61/ 127 :                            ;
   62/ 127 :                            ; キー入力エコー
   63/ 127 :                            ;
   64/ 127 :                            ECHO:
   65/ 127 : BD FF A0                           JSR     CONIN
   66/ 12A : 81 1B                              CMPA    #ESC
   67/ 12C : 27 1E                              BEQ     ECHO_END
   68/ 12E : BD FF 90                           JSR     CONOUT
   69/ 131 :                            ;
   70/ 131 :                            ; 内部CGにあわせて キャラクターコード変換
   71/ 131 :                            ;
   72/ 131 : 81 60                              CMPA    #$60
   73/ 133 : 2C 0A                              BGE     SUB20
   74/ 135 : 81 40                              CMPA    #$40
   75/ 137 : 2C 0E                              BGE     ECHO1
   76/ 139 : 81 20                              CMPA    #$20
   77/ 13B : 2C 06                              BGE     ADD40
   78/ 13D : 20 08                              BRA     ECHO1
   79/ 13F :                            SUB20:
   80/ 13F : 80 20                              SUBA    #$20
   81/ 141 : 20 04                              BRA     ECHO1
   82/ 143 :                            ADD40:
   83/ 143 : 8B 40                              ADDA    #$40
   84/ 145 : 20 00                              BRA     ECHO1
   85/ 147 :                            ECHO1:
   86/ 147 : BD 01 61                           JSR     VRAM_OUT
   87/ 14A : 20 DB                              BRA     ECHO
   88/ 14C :                            ;
   89/ 14C :                            ECHO_END:
   90/ 14C : 39                                 RTS
   91/ 14D :                            ;
   92/ 14D :                            ; BS処理
   93/ 14D :                            ;
   94/ 14D :                            BS_RTN:
   95/ 14D : 8C A0 00                           CPX     #VRAM_TOP
   96/ 150 : 27 6C                              BEQ     VRAM_OUT_END
   97/ 152 :                            ;
   98/ 152 : BD 01 C7                           JSR     CLR_CURSOR
   99/ 155 : FE 01 CF                           LDX     WK_VRAM
  100/ 158 : 09                                 DEX
  101/ 159 : FF 01 CF                           STX     WK_VRAM
  102/ 15C : BD 01 BF                           JSR     DISP_CURSOR
  103/ 15F : 20 5D                              BRA     VRAM_OUT_END
  104/ 161 :                            ;
  105/ 161 :                            ; VRAM出力ルーチン
  106/ 161 :                            ;
  107/ 161 :                            VRAM_OUT:
  108/ 161 : 81 0D                              CMPA    #CR
  109/ 163 : 27 3B                              BEQ     VRAM_CR
  110/ 165 : 81 08                              CMPA    #BS
  111/ 167 : 27 E4                              BEQ     BS_RTN
  112/ 169 :                            ;
  113/ 169 : FE 01 CF                           LDX     WK_VRAM
  114/ 16C : A7 00                              STAA    0,X
  115/ 16E : 86 CF                              LDAA    #CURSOR
  116/ 170 : A7 01                              STAA    1,X
  117/ 172 : 08                                 INX
  118/ 173 : FF 01 CF                           STX     WK_VRAM
  119/ 176 : 8C A2 00                           CPX     #VRAM_END       ; 画面右下まできた?
  120/ 179 : 26 43                              BNE     VRAM_OUT_END
 AS V1.42 Beta [Bld 283] - Source File echoback-6800.asm - Page 3 - 3/20/2025 19:53:16


  121/ 17B :                            ;
  122/ 17B :                            ; スクロール処理
  123/ 17B :                            ;
  124/ 17B :                            VRAM_SCR1:
  125/ 17B : CE A0 00                           LDX     #VRAM_TOP
  126/ 17E : FF 01 CF                           STX     WK_VRAM
  127/ 181 :                            VRAM_SCR:
  128/ 181 : A6 20                              LDAA    $20,X
  129/ 183 : A7 00                              STAA    0,X
  130/ 185 : 08                                 INX
  131/ 186 : 8C A1 E0                           CPX     #VRAM_SCREND
  132/ 189 : 26 F6                              BNE     VRAM_SCR
  133/ 18B :                            ;
  134/ 18B : 86 60                              LDAA    #SPC
  135/ 18D :                            LINE_CLR:
  136/ 18D : A7 00                              STAA    0,X
  137/ 18F : 08                                 INX
  138/ 190 : 8C A2 00                           CPX     #VRAM_END
  139/ 193 : 26 F8                              BNE     LINE_CLR
  140/ 195 : CE A1 E0                           LDX     #VRAM_SCREND
  141/ 198 : FF 01 CF                           STX     WK_VRAM
  142/ 19B : BD 01 BF                           JSR     DISP_CURSOR
  143/ 19E : 20 1E                              BRA     VRAM_OUT_END
  144/ 1A0 :                            ;
  145/ 1A0 :                            ; CR($0D)が押されたら改行処理
  146/ 1A0 :                            ;
  147/ 1A0 :                            VRAM_CR:
  148/ 1A0 : BD 01 C7                           JSR     CLR_CURSOR
  149/ 1A3 :                            ;
  150/ 1A3 : B6 01 D0                           LDAA    WK_VRAM+1
  151/ 1A6 : 84 E0                              ANDA    #$E0
  152/ 1A8 : F6 01 CF                           LDAB    WK_VRAM
  153/ 1AB : 8B 20                              ADDA    #$20
  154/ 1AD : C9 00                              ADCB    #0
  155/ 1AF : C1 A2                              CMPB    #$A2            ; VRAMはみ出す?
  156/ 1B1 : 27 C8                              BEQ     VRAM_SCR1       ; スクロール処理へ
  157/ 1B3 : F7 01 CF                           STAB    WK_VRAM
  158/ 1B6 : B7 01 D0                           STAA    WK_VRAM+1
  159/ 1B9 : BD 01 BF                           JSR     DISP_CURSOR
  160/ 1BC : 20 00                              BRA     VRAM_OUT_END
  161/ 1BE :                            ;
  162/ 1BE :                            VRAM_OUT_END:
  163/ 1BE : 39                                 RTS
  164/ 1BF :                            ;
  165/ 1BF :                            ; カーソル表示
  166/ 1BF :                            ;
  167/ 1BF :                            DISP_CURSOR:
  168/ 1BF : 86 CF                              LDAA    #CURSOR
  169/ 1C1 : FE 01 CF                           LDX     WK_VRAM
  170/ 1C4 : A7 00                              STAA    0,X
  171/ 1C6 : 39                                 RTS
  172/ 1C7 :                            ;
  173/ 1C7 :                            ; カーソル消去
  174/ 1C7 :                            ;
  175/ 1C7 :                            CLR_CURSOR:
  176/ 1C7 : 86 60                              LDAA    #SPC
  177/ 1C9 : FE 01 CF                           LDX     WK_VRAM
  178/ 1CC : A7 00                              STAA    0,X
  179/ 1CE : 39                                 RTS
  180/ 1CF :                            ;
 AS V1.42 Beta [Bld 283] - Source File echoback-6800.asm - Page 4 - 3/20/2025 19:53:16


  181/ 1CF : 02                         WK_VRAM FCB     2
  182/ 1D0 :                            ;
  183/ 1D0 :                                    END
 AS V1.42 Beta [Bld 283] - Source File echoback-6800.asm - Page 5 - 3/20/2025 19:53:16


  Symbol Table (* = unused):
  --------------------------

 ADD40 :                        143 C |
*ARCHITECTURE :                                        "i386-unknown-win32" - |
 BS :                             8 - |  BS_RTN :                       14D C |
*CASESENSITIVE :                  0 - | *CHAR_A :                        40 - |
*CHAR_END :                      7F - | *CHAR_S_A :                      60 - |
*CHAR_UNS :                      5F - |  CLR_CURSOR :                   1C7 C |
 CONIN :                       FFA0 - |  CONOUT :                      FF90 - |
*CONSTPI :        3.141592653589793 - |  CR :                             D - |
 CURSOR :                        CF - | *DATE :                 "3/20/2025" - |
 DISP_CURSOR :                  1BF C |  ECHO :                         127 C |
 ECHO1 :                        147 C |  ECHO_END :                     14C C |
 ESC :                           1B - | *FALSE :                          0 - |
*FLOATMAX :      1.797693134866E308 - | *HAS64 :                          1 - |
 LINE_CLR :                     18D C | *LISTON :                         1 - |
*MACEXP :                         7 - | *MAIN :                         100 C |
*MOMCPU :                      6800 - | *MOMCPUNAME :                "6800" - |
*NESTMAX :                      100 - | *PADDING :                        0 - |
*RELAXED :                        0 - |  SPC :                           60 - |
 SUB20 :                        13F C | *TARGET :                  "MC6800" - |
*TIME :                  "19:53:15" - | *TRUE :                           1 - |
 VDG_CTL_AD :                  8110 - |  VDG_INIT :                     113 C |
 VDG_MODE :                       0 - | *VERSION :                     142F - |
 VRAM_CLR :                     119 C |  VRAM_CLR_LOOP :                11E C |
 VRAM_CR :                      1A0 C |  VRAM_END :                    A200 - |
 VRAM_OUT :                     161 C |  VRAM_OUT_END :                 1BE C |
 VRAM_SCR :                     181 C |  VRAM_SCR1 :                    17B C |
 VRAM_SCREND :                 A1E0 - |  VRAM_TOP :                    A000 - |
 WK_VRAM :                      1CF C |

     53 symbols
     23 unused symbols

 AS V1.42 Beta [Bld 283] - Source File echoback-6800.asm - Page 6 - 3/20/2025 19:53:16


  Code Pages:
  ----------

STANDARD (0 changed characters)

1 code page

0.08 seconds assembly time

    184 lines source file
      2 passes
      0 errors
      0 warnings
